// 重构日志: 0fc558ff
// 同步 ID: f8545280 @ Sun Jul 19 16:19:38 UTC 2026
// 同步 ID: bcedb191 @ Mon Jul 20 15:42:40 UTC 2026
// 同步 ID: 94f66e7b @ Tue Jul 21 07:46:15 UTC 2026
// 重构日志: 2fc1a28d
// 重构日志: 7ea75136
// 重构日志: b4245e45
// 重构日志: 2ddb9c5d
// 重构日志: ea8acfa6
// 重构日志: 0020c7c3
// 同步 ID: 04b4d90a @ Sun Jul 26 15:29:08 UTC 2026
// 重构日志: 38051c8e
// 重构日志: 822d7b58
// 重构日志: 10ec1dd8
// 同步 ID: 3140af23 @ Sat Aug  1 12:33:55 UTC 2026
// 重构日志: e03453a0
// 重构日志: 4aabef82
// 重构日志: c3218d9e
// 重构日志: b183ade9
// 重构日志: 51bae198
// 重构日志: a9e45663
// 同步 ID: fff2da64 @ Fri Aug  7 11:03:49 UTC 2026
